src/api/routes/xWebhook.ts(230,42): error TS2339: Property 'id' does not exist on type '{ sender_id: string; target: { recipient_id: string; }; message_data: { text: string; }; }'.
src/api/routes/xWebhook.ts(234,51): error TS2339: Property 'id' does not exist on type '{ sender_id: string; target: { recipient_id: string; }; message_data: { text: string; }; }'.
src/api/routes/xWebhook.ts(393,42): error TS2339: Property 'id' does not exist on type '{ sender_id: string; target: { recipient_id: string; }; message_data: { text: string; }; }'.
src/api/routes/xWebhook.ts(397,55): error TS2339: Property 'id' does not exist on type '{ sender_id: string; target: { recipient_id: string; }; message_data: { text: string; }; }'.
src/claws/listen/router.ts(318,27): error TS2304: Cannot find name 'upsertMemory'.
src/claws/listen/router.ts(344,17): error TS2304: Cannot find name 'postedCount'.
src/claws/listen/router.ts(350,59): error TS2304: Cannot find name 'postedCount'.
src/claws/listen/router.ts(350,112): error TS2304: Cannot find name 'postedCount'.
src/claws/listen/router.ts(378,23): error TS2304: Cannot find name 'upsertMemory'.
src/claws/listen/voiceHandler.ts(69,55): error TS2835: Relative import paths need explicit file extensions in ECMAScript imports when '--moduleResolution' is 'node16' or 'nodenext'. Did you mean '../archive/pinecone.js'?
src/claws/wire/tools/web_search.ts(2,24): error TS2307: Cannot find module '../../config' or its corresponding type declarations.
src/claws/wire/xService.ts(42,62): error TS2769: No overload matches this call.
  Overload 1 of 2, '(status: string, payload?: Partial<SendTweetV2Params> | undefined): Promise<TweetV2PostTweetResult>', gave the following error.
    Argument of type '{ media?: { media_ids: [string, ...string[]]; } | undefined; reply?: { in_reply_to_tweet_id: string; } | undefined; text: string; }' is not assignable to parameter of type 'string'.
  Overload 2 of 2, '(payload: SendTweetV2Params): Promise<TweetV2PostTweetResult>', gave the following error.
    Argument of type '{ media?: { media_ids: [string, ...string[]]; } | undefined; reply?: { in_reply_to_tweet_id: string; } | undefined; text: string; }' is not assignable to parameter of type 'SendTweetV2Params'.
      Types of property 'media' are incompatible.
        Type '{ media_ids: [string, ...string[]]; } | undefined' is not assignable to type '{ media_ids?: [string] | [string, string] | [string, string, string] | [string, string, string, string] | undefined; tagged_user_ids?: string[] | undefined; } | undefined'.
          Type '{ media_ids: [string, ...string[]]; }' is not assignable to type '{ media_ids?: [string] | [string, string] | [string, string, string] | [string, string, string, string] | undefined; tagged_user_ids?: string[] | undefined; }'.
            Types of property 'media_ids' are incompatible.
              Type '[string, ...string[]]' is not assignable to type '[string] | [string, string] | [string, string, string] | [string, string, string, string] | undefined'.
                Type '[string, ...string[]]' is not assignable to type '[string] | [string, string] | [string, string, string] | [string, string, string, string]'.
                  Type '[string, ...string[]]' is not assignable to type '[string, string, string, string]'.
                    Target requires 4 element(s) but source may have fewer.
