src/claws/listen/settingsHandler.ts(4,10): error TS2305: Module '"../sense/heartbeat"' has no exported member 'hasHeartbeatSettings'.
src/claws/listen/settingsHandler.ts(60,73): error TS2835: Relative import paths need explicit file extensions in ECMAScript imports when '--moduleResolution' is 'node16' or 'nodenext'. Did you mean '../sense/heartbeat.js'?
